// __mem.c
800050b4:memset
//800050e4:__fill_mem
8000519c:memcpy

// system.o
// unused:memcmp_as4
// unused:memset_as4
80005634:memcpy_as4
// unused:LZ77Decode
// unused:mtxGetScaleElement
80005654:mtxGetRotationElement
// unused:mtx_set_col_vec
// unused:mtx_set_row_vec
// unused:mtx_col_vec
// unused:mtx_row_vec
// unused:sysOSReport
// unused:sysFrame2MsecFloat
// unused:sysFrame2Msec
8000598c:sysMsec2FrameFloat
800059cc:sysMsec2Frame
800059f4:sysFrame2SecFloat
// unused:sysFrame2Sec
// unused:sysSec2FrameFloat
// unused:sysSec2Frame
80005a00:getV60FPS
80005ad8:sysDummyDraw
80005ce4:sysWaitDrawSync
80005d90:sysGetToken
80005da0:irand
// unused:movePos3
// unused:movePos2
80005de4:movePos
80005e8c:sincosf
80005f04:padGetRumbleStatus
80005f14:padRumbleHardOff
80005f28:padRumbleOff
80005f3c:padRumbleOn
// unused:keyGetTriggerR
// unused:keyGetTriggerL
80005f50:keyGetSubStickY
// unused:keyGetSubStickX
80005f60:keyGetStickY
80005f70:keyGetStickX
80005f80:keyGetButtonTrg
80005f94:keyGetDirTrg
80005fa8:keyGetButtonRep
80005fbc:keyGetDirRep
80005fd0:keyGetButton
80005fe4:keyGetDir
80005ff8:makeKey
800064fc:qqsort
// 80006680:fsort
// unused:intplStringToEnum
80006c8c:intplGetValue
8000703c:angleABf
800071f0:compAngle
8000722c:distABf
80007328:reviseAngle
// unused:roundi
// unused:__assert2
// unused:__assert
80007388:getMarioStDvdRoot

// dispdrv.o
// unused:dispGetEntNum
80010864:dispGetCurWork
8001086c:dispCalcZ
80010900:dispDraw
80010b5c:dispSort
// 80010b90:_sort
80010bc4:dispEntry
80010c64:dispReInit
80010c70:dispInit

// seqdrv.o
8002e1e4:seqCheckSeq
8002e200:seqGetNextSeq
8002e208:seqGetPrevSeq
8002e210:seqGetSeq
8002e218:seqSetSeq
8002e228:seqMain
8002e304:seqInit_MARIOSTORY

// memory.o
// unused:smartGetWorkPtr
8002f33c:smartTexObj
8002f378:smartGarbage
8002f540:smartAlloc
8002f878:smartFree
8002f9cc:smartAutoFree
8002fa70:smartReInit
8002fbe0:smartInit
// unused:_mapAllocDump
8002fdc4:_mapFree
8002fe60:_mapAllocTail
8002ff58:_mapAlloc
// 80030048:unk_US_PAL_01_80030048
// 80030078:unk_US_PAL_02_80030078
800300c4:__memFree
800300f0:__memAlloc
80030154:memClear
80030218:memInit

// evtmgr.o
80035a28:evtGetPtrID
80035a88:evtGetPtr
80035ac4:evtStartOther
80035b4c:evtStopOther
80035bd4:evtStartAll
80035c68:evtStopAll
80035cfc:evtStartID
80035d9c:evtStopID
80035e3c:evtStart
80036210:evtStop
800365e4:evtSetType
800365ec:evtSetSpeed
800365fc:evtSetPri
80036604:evtCheckID
80036664:evtDeleteID
80036700:evtDelete
800368d0:evtmgrMain
80036abc:evtRestart
80036c04:evtBrotherEntry
80036eec:evtChildEntry
80037220:evtEntryType
800374ac:evtEntry
// 80037738:evtEntryRunCheck
800377b0:evtmgrReInit
8003781c:evtmgrInit
// 80037934:make_pri_table
80037a60:evtGetWork

// evt_map.o
80037c8c:evt_mapdisp_onoff
80037ccc:evt_map_replace_mapobj
80037da4:evt_map_entry_airport_harbor
80037f40:check2
80037fcc:check
80038058:evt_map_get_flush_color
800380ec:evt_map_set_flush_color
800381b4:evt_map_set_flush_onoff
80038250:evt_map_set_tevcallback
800382b0:evt_mapobj_get_position
8003837c:evt_mapobj_clear_offscreen
800383e0:evt_mapobj_set_offscreen
80038468:evt_mapobj_flag_onoff
80038510:evt_map_set_playrate
80038568:evt_map_replayanim
800385cc:evt_map_pauseanim
80038630:evt_map_checkanim
800386a8:evt_map_playanim
80038724:evt_mapobj_color
80038814:evt_map_blend_set_mobj_flag
800388b0:evt_map_blend_set_flag
80038a88:evt_map_blend_off
80038ac8:evt_map_set_blend
80038b9c:evt_map_fog_onoff
80038bdc:evt_map_get_fog
80038c88:evt_map_set_fog
80038d68:evt_mapobj_scale
80038e38:evt_mapobj_rotate
80038f08:evt_mapobj_trans

// mapdata.o
80038fd8:relSetBtlAddr
80039088:relSetEvtAddr
800391e0:areaDataPtr
80039278:mapDataPtr

// animdrv.o
800393c4:animPoseGetGroupName
80039400:animPoseGetGroupIdx
800394ac:animPoseGetShapeIdx
80039558:animPoseDrawShape
800397f0:animPoseSetDispCallBack
8003980c:animPoseGetVivianType
80039824:animPoseVivianMain
8003985c:animPoseWorldMatrixEvalOn
80039914:L_animPoseWorldPositionEvalOff
8003996c:animPoseWorldPositionEvalOn
// 80039a24:evalProc
80039c0c:animPoseTestXLU
80039c44:animPoseGetCurrentAnim
80039c84:animPoseGetAnimBaseDataPtr
80039cb4:animPoseGetAnimDataPtr
80039cf8:animPoseGetAnimPosePtr
80039d0c:animGroupBaseAsync
80039e40:animSetPaperTexMtx
80039f0c:animPoseDisp_MakeExtTexture
// 8003a690:animPaperPoseDispSub
// 8003afb0:animPaperPoseDisp
8003b028:animPoseAutoRelease
8003b1f4:animPaperPoseRelease
8003b2d0:animPoseRelease
8003b464:animSetPaperTexObj
8003b4d8:animPoseDrawMtx
8003bc68:_animPoseDrawMtx
8003c450:animPoseDraw
// 8003c4bc:dispProc
// 8003c884:renderProc
// 8003d60c:materialProc
// 8003dcfc:animSetMaterial_Texture
// 8003e2a8:pushGXModelMtx_JointNode__
// 8003e7ec:pushGXModelMtx_TransformNode__
8003ed2c:animPoseMain
8004066c:animPoseGetMaterialEvtColor
80040684:animPoseGetMaterialLightFlag
8004069c:animPoseGetMaterialFlag
800406b4:animPoseSetMaterialEvtColor
800406d0:animPoseSetMaterialLightFlagOff
800406f0:animPoseSetMaterialLightFlagOn
80040710:animPoseSetMaterialFlagOff
80040730:animPoseSetMaterialFlagOn
80040750:animPoseGetPeraEnd
8004079c:animPoseGetLoopTimes
800407b4:animPoseGetHeight
80040818:animPoseGetRadius
8004087c:animPoseSetGXFunc
80040898:animPoseSetEffectAnim
80040a28:animPoseSetEffect
80040ca4:animPoseSetPaperAnim
80040e04:animPoseSetPaperAnimGroup
8004108c:animPaperPoseGetId
80041170:animPoseSetAnim
800412ec:animPoseSetStartTime
8004130c:animPoseSetLocalTime
8004142c:animPoseSetLocalTimeRate
80041444:animPosePaperPeraOff
8004146c:animPosePaperPeraOn
800414b0:animPosePeraOff
800414cc:animPosePeraOn
800414e8:animEffectAsync
80041620:animPaperPoseEntry
8004176c:animPoseEntry
80041c58:animPoseBattleInit
80041c84:animPoseRefresh
// 80041ee0:animPose_AllocBuffer
8004281c:animMain
80042854:animInit
// 80042ac8:testAlloc
// 80042e5c:initTestHeap
80042ea8:animTimeGetTime
80042f30:animGetPtr

// npcdrv.o
80042f38:fbatPreventMarioEventChk
80042f6c:npcCheckBlow
800430ac:npcCalcScore
800431b4:fbatSandersBombTriggerOn
800431c8:npcKoopaModeMobjBoundDeadCheck
80043290:npcKoopaModeEncountCheck
8004340c:npcClearDeadInfo
80043440:npcGetBackItemEntry
// 800434dc:_majinai_effect
// 80043594:_check
80043604:npcExecAllReglEvt
800436c4:npcWaitAllInitEvtEnd
80043798:npcExecAllInitEvt
80043864:dbGetDefData
800438d4:npcSetLink
800438e0:npcSetSlave
800438f4:npcSetBtlSetupWork
80043904:npcGetBtlSetupWork
80043914:npcBlurOff
800439b8:npcBlurOn
80043ad4:npcSetColor
80043b60:npcStartForOneEvent
80043bc8:npcStartForEvent
80043c78:npcStopForOneEvent
80043cd8:npcStopForEvent
80043d80:npcSetBattleInfo
80043e78:npcSetupBattleInfo
800440f8:npcCheckInterrupt
// 8004432c:_npcHitCheckHammerAllMotion
// 800446b4:_npcHitCheckSphere
8004482c:fbatHitCheck
80046604:fbatHitCheckAll
8004662c:fbatNpcTalkCheck
8004668c:npcGroupDead
// 800466d0:_npcGroupDead
// 80046a2c:_npcDead
80046a78:fbatBattleMode
800470dc:fbatTalkMode
8004727c:fbatEncountCheck
// 80047dfc:_fbatFirstAttackAnnouceDisp
80048180:fbatSetAttackAnnounceEnable
80048194:fbatSetAttackAnnounce
8004828c:fbatChangeMode
8004829c:fbatGetPointer
800482a8:npcNearDistCheck
80048418:npcHitCheckSide
80048d30:npcTransRytoFaceDir
80048d6c:npcTuningRy
// 80048d9c:npcMoveG
// 800490cc:npcCheckHitMarioSide
80049644:npcSetStayPose
8004979c:npcSetTalkPose
800498f4:npcSetMarioAutoTalkPose
80049934:npcNameToPtr_NoAssert
800499e0:npcNameToPtr
80049a7c:npcMain
8004b420:npcDeleteGroup
// 8004b464:_npcDeleteGroup
8004b708:npcDelete
8004b828:npcGetTribe
8004b894:npcEntry
8004bae4:npcGetReactionOfLivingBody
8004bafc:npcReset
8004bb70:npcInit
// 8004bc3c:npcDisp_blur
// 8004bf28:npcDisp_offscreen
// 8004c234:npcDisp_offscreen_xlu
// 8004c50c:npcDisp
// 8004c7e0:npcDisp_xlu
// 8004ca80:mtx_setup
8004cd38:npcRecoveryFiledNpc
8004ce58:npcReleaseFiledNpc
8004cf6c:npcGetWorkPtr

// evt_npc.o
8004cf88:evt_npc_release_filednpc
8004cfe8:evt_npc_sound_data_set
8004d0f4:evt_npc_sound_data_reset
// 8004d180:unk_US_PAL_01_8004d180
8004d3cc:evt_fbat_trans_floor_position
8004d514:evt_npc_kamek_kemuri2
8004d614:evt_npc_kamek_kemuri1
8004d6a8:evt_npc_kamek_move_position
// 8004ddc8:_kamek_houki_kemuri
8004decc:evt_npc_calc_score
8004df18:evt_npc_get_kpencount_type
8004df74:evt_npc_majo_disp_off
8004e1ac:evt_npc_majo_disp_on
8004e508:evt_npc_set_autotalkpose
8004e5c0:evt_npc_set_tribe
8004e6c4:evt_npc_set_balloontype
8004e720:evt_npc_wait_msec
8004e7f4:evt_npc_set_unitwork
8004e868:evt_npc_get_unitwork
8004e8d8:evt_npc_getback_item_entry
8004e924:evt_npc_get_drop_coin
// 8004e9b4:_npc_check_coin_group
// 8004ea2c:_npc_check_coin
8004ea40:evt_npc_get_drop_flower
8004eb00:evt_npc_get_drop_heart
8004ebc0:evt_npc_get_drop_item
8004ec34:evt_npc_get_drop_fixitem
8004ec8c:evt_npc_set_link
8004ed0c:evt_npc_set_btlsetup_work
8004ed88:evt_npc_get_btlsetup_work
8004ee00:evt_npc_get_battle_rule_keep_result
8004ee4c:evt_npc_check_escape_battle
8004ee88:evt_npc_get_battle_result
8004eed8:evt_npc_wait_battle_end
8004ef54:evt_npc_battle_start
8004f00c:evt_npc_set_battle_rule
8004f090:evt_npc_set_battle_info
8004f0f4:evt_npc_set_attack_mode
8004f150:evt_npc_check
8004f1b8:evt_npc_blur_onoff
8004f228:evt_npc_set_color
8004f2dc:evt_npc_set_offscreen
8004f35c:evt_npc_change_fbat_mode
8004f390:evt_npc_start_for_one_event
8004f3dc:evt_npc_stop_for_one_event
8004f428:evt_npc_start_for_event
8004f44c:evt_npc_stop_for_event
8004f470:evtNpcNameToPtr_NoAssert
8004f5d8:evtNpcNameToPtr
8004f740:evt_npc_facedirection_add
8004f83c:evt_npc_restart_regular_event
8004f894:evt_npc_get_reglid
8004f8ec:evt_npc_change_interrupt
8004f99c:evt_npc_get_loiter_dir
8004fa88:evt_npc_add_dirdist
8004fb98:evt_set_dir_to_home
8004fc08:evt_set_dir_to_target
8004fc80:evt_get_target_dir
// 8004fcfc:_get_target_dir
8004fdc0:evt_npc_set_camid
8004fe1c:evt_npc_pera_onoff
8004fea0:evt_npc_status_check
8004ff0c:evt_npc_status_onoff
8004ffa8:evt_npc_reaction_flag_onoff
80050044:evt_npc_flag_check
800500b0:evt_npc_flag_onoff
8005014c:evt_npc_wait_anim
800501c8:evt_npc_wait_pera
80050224:evt_npc_set_force_regl_anim
800502a0:evt_npc_clear_paper
800502f8:evt_npc_set_paper_anim
80050364:evt_npc_set_paper
800503dc:evt_npc_set_run_anim
80050458:evt_npc_set_walk_anim
800504d4:evt_npc_set_talk_anim
80050550:evt_npc_set_stay_anim
800505cc:evt_npc_set_stop_anim
80050648:evt_npc_set_confuse_anim
800506c4:evt_npc_set_damage_anim
80050740:evt_npc_set_anim
800507c8:evt_npc_get_dir
8005082c:evt_npc_reverse_ry
8005088c:evt_npc_set_ry_lr
80050988:evt_npc_set_ry
800509ec:_intplGetFloat
80050bcc:evt_npc_homing_target
80051268:evt_npc_return_interrupt
800512bc:evt_npc_glide_position
80051868:evt_npc_jump_position_nohit
80051bcc:evt_npc_jump_position
80052254:evt_npc_move_position
800528e4:evt_npc_set_rotate_offset
80052a30:evt_npc_add_rotate
80052b5c:evt_npc_set_rotate
80052ca8:evt_npc_get_rotate
80052d2c:evt_npc_set_home_position
80052e14:evt_npc_get_home_position
80052e98:evt_npc_get_position
80052f1c:evt_npc_get_scale
80052fa0:evt_npc_set_scale
80053034:evt_npc_get_height
80053090:evt_npc_set_height
800530f4:evt_npc_set_width
80053158:evt_npc_set_position
8005323c:evt_npc_setup
800534c4:evt_npc_get_ReactionOfLivingBody
80053518:evt_npc_check_delete
8005356c:evt_npc_delete
800535b8:evt_npc_slave_entry
800536e4:evt_npc_entry

// mario.o
800561b8:toFrontPose
800566cc:toRearPose
80056be0:marioDisp
8005710c:marioDispBlur
80057290:marioDispBlurSub
80057878:marioPreDisp
80057cfc:marioRearAnime
800583a8:marioMakeDispDir
80058908:marioGetScale
80058928:marioChkInScreen
80058960:marioGetScreenPos
800589e4:marioPaperLightOff
// unused:marioPaperLightOn
80058a10:marioPaperOff
80058a90:marioPaperOn
80058ba8:marioSetPaperAnimeLocalTime
80058c68:marioChgPaper
80058cf0:marioChgPoseTime
80058d84:marioChgPose
80058f9c:toDotMarioPose
80059124:marioChgEvtPose
// 800591b4:unk_JP_US_006_800591b4
800593fc:marioAnimeId
8005942c:marioChkPushAnime
800594a8:marioMoveMain
80059a78:marioMove
8005a634:marioCtrlOff2Main
8005a7e0:marioMain
8005b1d8:marioReInit
8005b5c8:marioInit
8005ba50:marioPoseInit
8005bae8:marioSoundInit
8005bb08:marioOfsRotReset
8005bb78:marioReset
8005bda0:marioResetHitObj
8005bf3c:marioChkSts
8005bfdc:marioBgmodeOff
8005c0a0:marioBgmodeOn
8005c164:marioBgmodeChk
8005c174:marioSetMutekiTime
8005c1c0:marioKeyOn
8005c1f4:marioKeyOff
8005c21c:marioCtrlOn2
8005c25c:marioCtrlOff2
8005c290:marioCtrlOn
8005c2c4:marioCtrlOff
8005c2ec:marioKeyOffChk
8005c2fc:marioCtrlOffChk
8005c30c:marioFBattlePost
8005c3cc:marioFBattlePrepare
// 8005c438:unk_JP_US_007_8005c438
8005c464:marioChkCtrl
8005c47c:marioChkKey
8005c5b8:marioCheckMenuDisable
// 8005ca2c:unk_JP_US_008_8005ca2c
8005ca58:marioCaseEventValidChk
8005ca98:marioItemGetOk
8005caac:marioItemGetChk
8005cae8:marioItemGetDisable
8005cb04:marioEntry
8005cda8:marioSetSpec
8005ce40:marioSetFamicomMode
8005d740:marioSetCharMode
8005e0b0:marioGetColor
8005e0c0:marioGetPtr

// evt_mobj.o
800617f8:evt_mobj_koopa_pole
// 80061a6c:mobj_koopa_pole_evt
// 80061e4c:kpa_clear_jump_data
// 80061e78:kpa_disp_pole_init
// 80061ecc:kpa_disp_pole_score_main
// 80061fd8:kpa_disp_pole_score
// 80062050:kpa_score_to_str
// 80062198:kpa_get_width
// 800621f0:kpa_get_level
// 8006223c:kpa_get_hata_name
// 80062288:kpa_get_pole_name
800622d4:evt_mobj_koopa_fireber_dodai
// 800625d8:mobj_koopa_fireber_dodai_evt
80062b14:evt_mobj_koopa_sango
// 80062cb0:mobj_koopa_sango_evt
// 80063040:fire_func
800631b0:evt_mobj_koopa_dokan
// 80063388:mobj_koopa_dokan_evt
80063588:evt_mobj_koopa_blk
// 800636ec:mobj_koopa_blk
80063828:evt_mobj_koopa_hidden_blk
800639cc:evt_mobj_koopa_badgeblk
// 80063b58:mobj_koopa_badgeblk
80063e5c:evt_mobj_koopa_brick
// 80064024:mobj_koopa_brickblk
80064384:evt_mobj_koopa_stone_blk
// 800644e0:mobj_koopa_stone_blk_evt
800644e8:evt_mobj_koopa_ojama_blk
// 8006466c:mobj_koopa_ojama_blk_evt
// 800648bc:kpa_powerup
80064944:evt_mobj_kururing_floor
// 80064b28:mobj_kururing_floor
// 800652e8:kururing_capture
80065644:evt_mobj_breaking_floor
// 80065808:mobj_breaking_floor
8006598c:evt_mobj_brick
// 80065cd8:mobj_10countblk
// 80065f3c:mobj_brickblk
80066238:evt_mobj_powerupblk
// 800663b8:mobj_powerupblk
8006663c:evt_mobj_badgeblk
// 800667f0:mobj_badgeblk
80066af4:evt_mobj_blk
// 80066c94:mobj_blk
80066dd4:evt_mobj_save_blk
// 80066f58:mobj_save_blk
800670e4:evt_mobj_recovery_blk
// 80067288:mobj_recovery_blk
80067878:evt_mobj_signboard
// 800679ac:mobj_signboard
80067a4c:evt_mobj_itembox
// 80067dcc:mobj_itembox
800682ac:evt_mobj_lock
// 80068454:mobj_lock
800688b4:evt_mobj_lock_unlock
8006894c:evt_mobj_switch_float_blk
// 80068bb8:mobj_switch_float_blk
80069220:evt_mobj_float_blk
// 800694c4:mobj_float_blk
80069638:evt_mobj_lv_blk
// 800697e4:mobj_lv_blk_evt
80069c74:evt_mobj_jumpstand_blue
// 80069df8:mobj_jumpstand_blue
8006a020:evt_mobj_jumpstand_red
// 8006a198:mobj_jumpstand_red
8006a404:evt_mobj_rideswitch_lightblue
// 8006a588:mobj_rideswitch_lightblue
8006a828:evt_mobj_timerswitch
// 8006aa70:mobj_timerswitch
8006ada0:evt_mobj_floatswitch_red
8006af04:evt_mobj_switch_red
// 8006b090:mobj_switch_red
8006b1c0:evt_mobj_tornadoswitch_blue
8006b324:evt_mobj_floatswitch_blue
8006b488:evt_mobj_switch_blue
// 8006b630:mobj_switch_blue
8006b760:evt_mobj_hit_onoff
8006b820:evt_mobj_hitevt_onoff
8006b8c4:evt_mobj_set_camid
8006b948:evt_mobj_wait_animation_end
8006b9c8:evt_mobj_set_anim
8006ba5c:evt_mobj_set_gravity_bound
8006bb08:evt_mobj_exec_cancel
8006bb7c:evt_mobj_set_z_position
8006bc38:evt_mobj_set_y_position
8006bcf4:evt_mobj_set_x_position
8006bdb0:evt_mobj_set_position
8006bebc:evt_mobj_get_z_position
8006bf3c:evt_mobj_get_y_position
8006bfbc:evt_mobj_get_x_position
8006c03c:evt_mobj_get_position
8006c0dc:evt_mobj_set_scale
8006c1d8:evt_mobj_get_kindname
8006c230:evt_mobj_flag_onoff
8006c2b4:evt_mobj_check
8006c308:evt_mobj_delete
8006c338:evt_mobj_entry

// mariost.o
// unused:gcResetDone
// unused:gcResetCheck
8006eed8:gcRumbleCheck
// unused:gcDvdCheckCancel
// unused:gcDvdCheckInit
8006f1e0:gcDvdCheckThread
8006f404:viPostCallback
8006f7bc:marioStGetSystemLevel
8006f7c8:marioStSystemLevel
8006f8dc:marioStDisp
8006f904:marioStMain
8006fb3c:marioStInit

// fontmgr.o
// unused:JUTFont_Draw
// unused:JUTFont_DrawPos
80074720:_JUTFont_DrawPos
80074bfc:JUTFont_DrawStart
// unused:JUTFont_GetWidth
// unused:JUTFont_GetWidthEntry
80074e90:JUTFont_CodeToGlyph
// unused:JUTFont_Free
80075004:JUTFontSetup
// unused:JUTFont_SetWidth
800752fc:HSV2RGB
80075528:FontGetMessageWidth
8007554c:FontGetMessageWidthLine
8007586c:kanjiGetWidth
800758e4:kanjiSearch
80075904:hankakuSearch
80075928:FontDrawMessageMtx
80075fcc:FontDrawMessage
800766e0:FontDrawStringShake
80076a10:FontDrawStringCenterMtx
// unused:FontDrawStringCenter
80076cdc:FontDrawStringMtx
80077034:FontDrawStringVecPitch
80077368:FontDrawStringPitch
// unused:FontDrawStringVec
800773d0:FontDrawString
80077438:FontDrawCodeMtx
80077594:FontDrawCode
8007773c:FontDrawScaleVec
80077758:FontDrawScale
8007776c:FontGetDrawColor
80077774:FontDrawColor_
800777e0:FontDrawColor
80077844:FontDrawColorIDX
800778b4:FontDrawNoiseOff
800778e0:FontDrawNoise
800779e4:FontDrawRainbowColorOff
80077a08:FontDrawRainbowColor
80077aa8:FontDrawEdgeOff
80077ab4:FontDrawEdge
80077ac0:FontDrawStart_alpha
80077b4c:FontDrawStart
80077bdc:fontmgrTexSetup
80077c08:fontmgrInit

// evt_bero.o
// text
// 80078a74:evt_camera_change_event_from_road
// 80078c1c:evt_bero_1stcheck
80078c90:evt_bero_mario_go_wait
80078cac:evt_bero_mario_go
80078cbc:evt_bero_mario_go_init
// 80078ccc:evt_bero_cam_shift_init
// 80078cf4:evt_bero_cam3d_change
80078e08:evt_bero_overwrite
// 80078ee8:evt_bero_move_mario_speed
// 80079198:evt_bero_disppos_load
// 800791ec:evt_bero_disppos_save
80079230:evt_bero_case_id_load
8007928c:evt_bero_case_id_save
800792ec:evt_bero_get_number
800793ac:evt_bero_switch_off
800794b0:evt_bero_switch_on
// 800795b4:bero_set_disp_position_pipe
// 80079684:bero_get_position_pipe2
// 800797d0:bero_get_position_pipe_pure
// 800798b8:bero_get_position_pipe_sub
80079b74:bero_get_position_normal
80079e84:evt_bero_get_info_num
8007a088:evt_bero_id_filter
// 8007a154:evt_bero_read_mario_pera
8007a214:evt_bero_get_into_info
8007a50c:evt_bero_get_info
8007a60c:evt_bero_get_now_number
8007a63c:evt_bero_set_now_number
8007a66c:evt_bero_get_info_nextarea
8007a6e4:evt_bero_get_info_kinddir
8007a76c:evt_bero_get_info_length
8007a860:evt_bero_get_info_anime
8007a8f8:evt_bero_get_end_position
8007a95c:evt_bero_get_start_position
8007a9c0:evt_bero_exec_wait
8007aa04:evt_bero_exec_get
8007aa34:evt_bero_exec_onoff
8007aa9c:evt_bero_get_entername
8007aad0:evt_bero_mapchange
8007ab44:bero_id_filter
8007abe8:bero_clear_Offset
8007abfc:bero_get_ptr
8007ac08:bero_get_BeroEZ
8007ac10:bero_get_BeroEY
8007ac18:bero_get_BeroEX
8007ac20:bero_get_BeroSZ
8007ac28:bero_get_BeroSY
8007ac30:bero_get_BeroSX
8007ac38:bero_get_BeroNUM
8007ac40:bero_get_BeroEXEC
// 8007ac48:N_evt_bero_set_mario_bottomless_respawn_pos_to_current_mario_pos
// 8007ac7c:N_evt_bero_set_mario_bottomless_respawn_pos_on_bero_entry
// data
// 8030cdb4:evt_bero_nonride_check
8030ce48:bero_open_door_play_se
8030d138:bero_close_door_play_se
8030d428:bero_play_enter_anime
8030d674:bero_play_out_anime
// 8030d888:bero_case_init_check
// 8030da14:bero_case_exec_none
// 8030dac8:bero_case_exec_road
// 8030dbf4:bero_case_exec_door
// 8030dd58:bero_case_exec_pipe_sub
// 8030e28c:bero_case_exec_pipe
// 8030e554:bero_case_exec_gate
8030e608:bero_case_entry
// 8030e798:bero_case_entry_sub
8030e8b4:bero_case_switch_on
8030e900:bero_case_switch_off
// 8030e97c:evt_bero_info_run_road
// 8030ea20:evt_bero_info_run_door
// 8030eadc:evt_bero_info_run_pipe_sub00
// 8030eba8:evt_bero_info_run_pipe
8030ec7c:evt_bero_info_run
// 8030f060:evt_bero_initial_pos
// 8030f2d8:evt_bero_mario_enter
// sdata
// 80416088:evt_bero_info_run_none
// 8041609c:evt_bero_info_run_gate

// database.o
80084f24:setupDataBase
8008558c:setupDataCheck
80085648:setupDataLoad

// seq_logo.o
// 800859f8:progDisp
// unused:arcLoad
// unused:arcPreLoad
// 80085f28:dummy_draw
// 80085fe0:logoDisp
80086d6c:seq_logoMain
8008746c:seq_logoExit
800874b0:seq_logoInit

// evt_shop.o
800ee6f8:evtShopIsActive
// 800ee748:evt_shop_main_func
// 800eebb4:unkeep_pouchcheck_func
// 800eebf4:keep_pouchcheck_func
// 800eec34:item_data_db_restore
// 800eec78:item_data_db_arrange
// 800eecd0:sell_pouchcheck_func
// 800eed08:name_price
// 800eed94:get_fook_evt
// 800eedcc:get_ptr
// 800eedfc:set_buy_item_id
// 800eee30:get_buy_evt
// 800eee68:get_msg
// 800eeedc:get_value
// 800eef9c:disp_off
// 800eefd4:shopper_name
// 800ef00c:shop_point_item
// 800ef0f0:exchange_shop_point
// 800ef16c:chk_shop_point
// 800ef308:reset_shop_point
// 800ef338:add_shop_point
// 800ef48c:get_shop_point
// 800ef4d8:shop_flag_onoff
// 800ef550:point_wait
// 800ef5a0:point_disp_onoff
800ef604:evt_shop_setup
// 800ef910:disp_list
// 800ef9d4:list_disp
// 800f0134:title_disp
// 800f0314:point_disp
// 800f04e0:help_disp
// 800f0560:help_main
// 800f0580:name_disp

// envdrv.o
80199178:envSetYami
80199558:envSetYamiView
80199598:envSetWater
80199c70:envAddTev
// 8019b2b4:envTevLoadTexMtxImm
// 8019ba58:envDisp_FF
8019c018:envGlareFilterZ
8019c04c:envGlareFilter
// 8019c138:envGlare
8019c758:envBlurOff
8019c7b4:envBlurOn
// 8019c8ac:envDisp_Blur
// 8019cd80:envDisp_DepthOfField
8019dad0:envMain
// 8019db5c:envDisp2
// 8019dc44:envDisp
// 8019dca0:envCapture2
// 8019ddbc:envCapture
8019df84:envTexSetup
8019e058:envReInit
8019e09c:envInit
// 8019e0f0:_callback

// MSL_C.PPCEABI.bare.H.a mem.c
80269c68:memcmp
// 80269cb4:__memrchr
80269ce0:memchr
80269d0c:memmove

// MSL_C.PPCEABI.bare.H.a printf.c
8026a0b8:sprintf
// unused:snprintf
8026a198:vsprintf
// unused:vsnprintf
// unused:vfprintf
8026a210:vprintf
// unused:fprintf
8026a2a8:printf
8026a390:__StringWrite
8026a3fc:__FileWrite
// 8026a454:__pformatter
// 8026abc8:float2str
// 8026b2e4:round_decimal
// 8026b410:double2hex
// 8026b748:longlong2str
// 8026ba5c:long2str
// 8026bcb4:parse_format

// MSL_C.PPCEABI.bare.H.a scanf.c
8026c344:sscanf
// 8026c408:__StringRead
// 8026c498:__sformatter
// 8026ce44:parse_format

// MSL_C.PPCEABI.bare.H.a string.c
8026d38c:strstr
8026d3f4:strchr
8026d424:strncmp
8026d464:strcmp
8026d58c:strcat
8026d5b8:strncpy
8026d5fc:strcpy
8026d6b4:strlen

// os.a
// OSAlloc.c
// text
// 80296400:DLInsert
802964ac:OSAllocFromHeap
802965a8:OSFreeToHeap
80296624:OSSetCurrentHeap
80296634:OSInitAlloc
802966a4:OSCreateHeap
80296710:OSDestroyHeap
// data
8041f070:OSAlloc_HeapArray
8041f074:OSAlloc_NumHeaps

// os.a OSCache.c
80296a14:DCEnable
80296a28:DCInvalidateRange
80296a54:DCFlushRange
80296a84:DCStoreRange
80296ab4:DCFlushRangeNoSync
80296ae0:DCStoreRangeNoSync
// unused:DCZeroRange
80296b0c:ICInvalidateRange
80296b40:ICFlashInvalidate
80296b50:ICEnable
// unused:__LCEnable
// unused:LCEnable
80296b64:LCDisable
// unused:LCStoreBlocks
// unused:LCStoreData
// unused:LCQueueWait
80296b8c:L2GlobalInvalidate
80296c24:DMAErrorHandler
80296d84:__OSCacheInit

// os.a OSContext.c
80296e78:__OSLoadFPUContext
80296f9c:__OSSaveFPUContext
802970c4:OSSaveFPUContext
802970cc:OSSetCurrentContext
80297128:OSGetCurrentContext
80297134:OSSaveContext
802971b4:OSLoadContext
8029728c:OSGetStackPointer
80297294:OSClearContext
802972b8:OSInitContext
80297374:OSDumpContext
// 8029761c:OSSwitchFPUContext
802976a0:__OSContextInit
802976e8:OSFillFPUContext

// os.a OSError.c
80297814:OSReport
80297894:OSPanic
802979c0:OSSetErrorHandler
80297bd8:__OSUnhandledException

// os.a OSTime.c
8029d84c:OSGetTime
8029d864:OSGetTick
8029d86c:__OSGetSystemTime
// 8029d8d0:GetDates
8029da6c:OSTicksToCalendarTime

// demo.a
// DEMOPuts.c
802a5340:DEMOInitCaption
802a559c:DEMOPuts
802a58ac:DEMOPrintf
// DEMOStats.c
802a5970:DEMOWriteStats
802a5d04:DEMOUpdateStats
802a5d5c:DEMOPrintStats

// exi.a EXIBios.c
// 802bb824:SetExiInterruptMask
802bb918:EXIImm
802bbb74:EXIImmEx
802bbc14:EXIDma
802bbd00:EXISync
802bbf4c:EXIClearInterrupts
802bbf94:EXISetExiCallback
// 802bc010:__EXIProbe
802bc184:EXIProbe
802bc204:EXIProbeEx
802bc2b8:EXIAttach
802bc3c4:EXIDetach
802bc480:EXISelect
802bc5ac:EXIDeselect
// 802bc6bc:EXIIntrruptHandler
// 802bc784:TCIntrruptHandler
// 802bc99c:EXTIntrruptHandler
802bca6c:EXIInit
802bcc40:EXILock
802bcd34:EXIUnlock
802bce10:EXIGetState
// 802bce28:UnlockedHandler
802bce50:EXIGetID

// si.a
802bd7b8:SIBusy
802bd7d8:SIIsChanBusy
802bd814:CompleteTransfer
802bdb10:SIInterruptHandler
802bde54:SIEnablePollingInterrupt
802bdeec:SIRegisterPollingHandler
802bdfb8:SIUnregisterPollingHandler
802be0ac:SIInit
802be160:__SITransfer
802be36c:SIGetStatus
802be3e8:SISetCommand
802be3fc:SITransferCommands
802be40c:SISetXY
802be478:SIEnablePolling
802be514:SIDisablePolling
802be580:SIGetResponseRaw
802be654:SIGetResponse
802be718:AlarmHandler
802be7a4:SITransfer
802be910:GetTypeCallback
802beba8:SIGetType
802bed6c:SIGetTypeAsync
802beea8:SIDecodeType
802beff4:SIProbe
802bf018:SISetSamplingRate
802bf0fc:SIRefreshSamplingRate