// __mem.c
800050b4:memset
//800050e4:__fill_mem
8000519c:memcpy

// system.o
// unused:memcmp_as4
// unused:memset_as4
80005634:memcpy_as4
80005654:LZ77Decode
// unused:mtxGetScaleElement
800057ac:mtxGetRotationElement
// unused:mtx_set_col_vec
// unused:mtx_set_row_vec
// unused:mtx_col_vec
// unused:mtx_row_vec
// unused:sysOSReport
// unused:sysFrame2MsecFloat
// unused:sysFrame2Msec
80005ae4:sysMsec2FrameFloat
80005af8:sysMsec2Frame
80005b18:sysFrame2SecFloat
// unused:sysFrame2Sec
// unused:sysSec2FrameFloat
// unused:sysSec2Frame
80005b24:getV60FPS
80005bfc:sysDummyDraw
80005e08:sysWaitDrawSync
80005eb4:sysGetToken
80005ec4:irand
// unused:movePos3
// unused:movePos2
80005f08:movePos
80005fb0:sincosf
80006028:padGetRumbleStatus
80006038:padRumbleHardOff
8000604c:padRumbleOff
80006060:padRumbleOn
// unused:keyGetTriggerR
// unused:keyGetTriggerL
80006074:keyGetSubStickY
// unused:keyGetSubStickX
80006084:keyGetStickY
80006094:keyGetStickX
800060a4:keyGetButtonTrg
800060b8:keyGetDirTrg
800060cc:keyGetButtonRep
800060e0:keyGetDirRep
800060f4:keyGetButton
80006108:keyGetDir
8000611c:makeKey
8000647c:qqsort
// 80006600:fsort
// unused:intplStringToEnum
80006c0c:intplGetValue
80006fbc:angleABf
80007170:compAngle
800071ac:distABf
800072a8:reviseAngle
// unused:roundi
// unused:__assert2
// unused:__assert
80007308:getMarioStDvdRoot

// dispdrv.o
// unused:dispGetEntNum
800106b8:dispGetCurWork
800106c0:dispCalcZ
80010754:dispDraw
800109b0:dispSort
// 80010b90:_sort
80010a18:dispEntry
80010ab8:dispReInit
80010ac4:dispInit

// seqdrv.o
8002dbc0:seqCheckSeq
8002dbdc:seqGetNextSeq
8002dbe4:seqGetPrevSeq
8002dbec:seqGetSeq
8002dbf4:seqSetSeq
8002dc04:seqMain
8002dce0:seqInit_MARIOSTORY

// memory.o
// unused:smartGetWorkPtr
8002ed18:smartTexObj
8002ed54:smartGarbage
8002ef1c:smartAlloc
8002f254:smartFree
8002f3a8:smartAutoFree
8002f44c:smartReInit
8002f5bc:smartInit
// unused:_mapAllocDump
8002f7a0:_mapFree
8002f840:_mapAllocTail
8002f954:_mapAlloc
8002fa60:__memFree
8002fa8c:__memAlloc
8002faf0:memClear
8002fbb4:memInit

// evtmgr.o
8003538c:evtGetPtrID
800353ec:evtGetPtr
80035428:evtStartOther
800354b0:evtStopOther
80035538:evtStartAll
800355cc:evtStopAll
80035660:evtStartID
80035700:evtStopID
800357a0:evtStart
80035b74:evtStop
80035f48:evtSetType
80035f50:evtSetSpeed
80035f60:evtSetPri
80035f68:evtCheckID
80035fc8:evtDeleteID
80036064:evtDelete
80036234:evtmgrMain
80036420:evtRestart
80036568:evtBrotherEntry
80036850:evtChildEntry
80036b84:evtEntryType
80036e10:evtEntry
// 8003709c:evtEntryRunCheck
80037114:evtmgrReInit
80037180:evtmgrInit
// 80037298:make_pri_table
800373c4:evtGetWork

// evt_map.o
800375f0:evt_mapdisp_onoff
80037630:evt_map_replace_mapobj
80037708:evt_map_entry_airport_harbor
800378a4:check2
80037930:check
800379bc:evt_map_get_flush_color
80037a50:evt_map_set_flush_color
80037b18:evt_map_set_flush_onoff
80037bb4:evt_map_set_tevcallback
80037c14:evt_mapobj_get_position
80037ce0:evt_mapobj_clear_offscreen
80037d44:evt_mapobj_set_offscreen
80037dcc:evt_mapobj_flag_onoff
80037e74:evt_map_set_playrate
80037ecc:evt_map_replayanim
80037f30:evt_map_pauseanim
80037f94:evt_map_checkanim
8003800c:evt_map_playanim
80038088:evt_mapobj_color
80038178:evt_map_blend_set_mobj_flag
80038214:evt_map_blend_set_flag
800383ec:evt_map_blend_off
8003842c:evt_map_set_blend
80038500:evt_map_fog_onoff
80038540:evt_map_get_fog
800385ec:evt_map_set_fog
800386cc:evt_mapobj_scale
8003879c:evt_mapobj_rotate
8003886c:evt_mapobj_trans

// mapdata.o
8003893c:relSetBtlAddr
800389ec:relSetEvtAddr
80038b44:areaDataPtr
80038bdc:mapDataPtr

// npcdrv.o
8004289c:fbatPreventMarioEventChk
800428d0:npcCheckBlow
80042a10:npcCalcScore
80042b18:fbatSandersBombTriggerOn
80042b2c:npcKoopaModeMobjBoundDeadCheck
80042bf4:npcKoopaModeEncountCheck
80042d70:npcClearDeadInfo
80042da4:npcGetBackItemEntry
// 80042e38:_majinai_effect
// 80042ef0:_check
80042f60:npcExecAllReglEvt
80043020:npcWaitAllInitEvtEnd
800430f4:npcExecAllInitEvt
800431c0:dbGetDefData
80043230:npcSetLink
8004323c:npcSetSlave
80043250:npcSetBtlSetupWork
80043260:npcGetBtlSetupWork
80043270:npcBlurOff
80043314:npcBlurOn
80043430:npcSetColor
800434bc:npcStartForOneEvent
80043524:npcStartForEvent
800435d4:npcStopForOneEvent
80043634:npcStopForEvent
800436dc:npcSetBattleInfo
800437d4:npcSetupBattleInfo
80043a54:npcCheckInterrupt
// 80043c88:_npcHitCheckHammerAllMotion
// 80044010:_npcHitCheckSphere
80044188:fbatHitCheck
80045f60:fbatHitCheckAll
80045f88:fbatNpcTalkCheck
80045fe8:npcGroupDead
// 8004602c:_npcGroupDead
// 80046388:_npcDead
800463d4:fbatBattleMode
80046a30:fbatTalkMode
80046bd0:fbatEncountCheck
// 80047750:_fbatFirstAttackAnnouceDisp
8004791c:fbatSetAttackAnnounceEnable
80047930:fbatSetAttackAnnounce
80047a28:fbatChangeMode
80047a38:fbatGetPointer
80047a44:npcNearDistCheck
80047bb4:npcHitCheckSide
800484cc:npcTransRytoFaceDir
80048508:npcTuningRy
// 80048538:npcMoveG
// 80048760:npcCheckHitMarioSide
80048cd8:npcSetStayPose
80048e30:npcSetTalkPose
80048f88:npcSetMarioAutoTalkPose
80048fc8:npcNameToPtr_NoAssert
80049074:npcNameToPtr
80049110:npcMain
8004aa0c:npcDeleteGroup
// 8004aa50:_npcDeleteGroup
8004acf4:npcDelete
8004ae14:npcGetTribe
8004ae80:npcEntry
8004b0d0:npcGetReactionOfLivingBody
8004b0e8:npcReset
8004b15c:npcInit
// 8004b228:npcDisp_blur
// 8004b514:npcDisp_offscreen
// 8004b820:npcDisp_offscreen_xlu
// 8004baf8:npcDisp
// 8004bdcc:npcDisp_xlu
// 8004c06c:mtx_setup
8004c324:npcRecoveryFiledNpc
8004c444:npcReleaseFiledNpc
8004c558:npcGetWorkPtr

// evt_npc.o
8004c574:evt_npc_release_filednpc
8004c5d4:evt_npc_sound_data_set
8004c6e0:evt_npc_sound_data_reset
8004c76c:evt_fbat_trans_floor_position
8004c8b4:evt_npc_kamek_kemuri2
8004c9b4:evt_npc_kamek_kemuri1
8004ca48:evt_npc_kamek_move_position
// 8004d168:_kamek_houki_kemuri
8004d26c:evt_npc_calc_score
8004d2b8:evt_npc_get_kpencount_type
8004d314:evt_npc_majo_disp_off
8004d54c:evt_npc_majo_disp_on
8004d8a8:evt_npc_set_autotalkpose
8004d960:evt_npc_set_tribe
8004da64:evt_npc_set_balloontype
8004dac0:evt_npc_wait_msec
8004db94:evt_npc_set_unitwork
8004dc08:evt_npc_get_unitwork
8004dc78:evt_npc_getback_item_entry
8004dcc4:evt_npc_get_drop_coin
// 8004dd54:_npc_check_coin_group
// 8004ddcc:_npc_check_coin
8004dde0:evt_npc_get_drop_flower
8004dea0:evt_npc_get_drop_heart
8004df60:evt_npc_get_drop_item
8004dfd4:evt_npc_get_drop_fixitem
8004e02c:evt_npc_set_link
8004e0ac:evt_npc_set_btlsetup_work
8004e128:evt_npc_get_btlsetup_work
8004e1a0:evt_npc_get_battle_rule_keep_result
8004e1ec:evt_npc_check_escape_battle
8004e228:evt_npc_get_battle_result
8004e278:evt_npc_wait_battle_end
8004e2f0:evt_npc_battle_start
8004e3a4:evt_npc_set_battle_rule
8004e428:evt_npc_set_battle_info
8004e48c:evt_npc_set_attack_mode
8004e4e8:evt_npc_check
8004e550:evt_npc_blur_onoff
8004e5c0:evt_npc_set_color
8004e674:evt_npc_set_offscreen
8004e6f4:evt_npc_change_fbat_mode
8004e728:evt_npc_start_for_one_event
8004e774:evt_npc_stop_for_one_event
8004e7c0:evt_npc_start_for_event
8004e7e4:evt_npc_stop_for_event
8004e808:evtNpcNameToPtr_NoAssert
8004e970:evtNpcNameToPtr
8004ead8:evt_npc_facedirection_add
8004ebd4:evt_npc_restart_regular_event
8004ec2c:evt_npc_get_reglid
8004ec84:evt_npc_change_interrupt
8004ed34:evt_npc_get_loiter_dir
8004ee20:evt_npc_add_dirdist
8004ef30:evt_set_dir_to_home
8004efa0:evt_set_dir_to_target
8004f018:evt_get_target_dir
// 8004f094:_get_target_dir
8004f158:evt_npc_set_camid
8004f1b4:evt_npc_pera_onoff
8004f238:evt_npc_status_check
8004f2a4:evt_npc_status_onoff
8004f340:evt_npc_reaction_flag_onoff
8004f3dc:evt_npc_flag_check
8004f448:evt_npc_flag_onoff
8004f4e4:evt_npc_wait_anim
8004f560:evt_npc_wait_pera
8004f5bc:evt_npc_set_force_regl_anim
8004f638:evt_npc_clear_paper
8004f690:evt_npc_set_paper_anim
8004f6fc:evt_npc_set_paper
8004f774:evt_npc_set_run_anim
8004f7f0:evt_npc_set_walk_anim
8004f86c:evt_npc_set_talk_anim
8004f8e8:evt_npc_set_stay_anim
8004f964:evt_npc_set_stop_anim
8004f9e0:evt_npc_set_confuse_anim
8004fa5c:evt_npc_set_damage_anim
8004fad8:evt_npc_set_anim
8004fb60:evt_npc_get_dir
8004fbc4:evt_npc_reverse_ry
8004fc24:evt_npc_set_ry_lr
8004fd20:evt_npc_set_ry
8004fd84:_intplGetFloat
8004ff64:evt_npc_homing_target
80050600:evt_npc_return_interrupt
80050654:evt_npc_glide_position
80050c00:evt_npc_jump_position_nohit
80050f64:evt_npc_jump_position
800515ec:evt_npc_move_position
80051c7c:evt_npc_set_rotate_offset
80051dc8:evt_npc_add_rotate
80051ef4:evt_npc_set_rotate
80052040:evt_npc_get_rotate
800520c4:evt_npc_set_home_position
800521ac:evt_npc_get_home_position
80052230:evt_npc_get_position
800522b4:evt_npc_get_scale
80052338:evt_npc_set_scale
800523cc:evt_npc_get_height
80052428:evt_npc_set_height
8005248c:evt_npc_set_width
800524f0:evt_npc_set_position
800525d4:evt_npc_setup
8005285c:evt_npc_get_ReactionOfLivingBody
800528b0:evt_npc_check_delete
80052904:evt_npc_delete
80052950:evt_npc_slave_entry
80052a7c:evt_npc_entry


// mario.o
800553ac:toFrontPose
800558c0:toRearPose
80055dd4:marioDisp
80056300:marioDispBlur
80056484:marioDispBlurSub
80056a6c:marioPreDisp
80056e90:marioRearAnime
8005753c:marioMakeDispDir
80057a9c:marioGetScale
80057abc:marioChkInScreen
80057af4:marioGetScreenPos
80057b78:marioPaperLightOff
80057ba4:marioPaperLightOn
80057bd0:marioPaperOff
80057c50:marioPaperOn
80057d68:marioSetPaperAnimeLocalTime
80057e28:marioChgPaper
80057eb0:marioChgPoseTime
80057f44:marioChgPose
8005815c:toDotMarioPose
800582e4:marioChgEvtPose
// 80058374:unk_JP_US_006_80058374
800585bc:marioAnimeId
800585ec:marioChkPushAnime
80058668:marioMoveMain
80058c38:marioMove
800597f4:marioCtrlOff2Main
800599a0:marioMain
8005a398:marioReInit
8005a780:marioInit
8005ac00:marioPoseInit
8005ac98:marioSoundInit
8005acb0:marioOfsRotReset
8005ad20:marioReset
8005af48:marioResetHitObj
8005b0e4:marioChkSts
8005b184:marioBgmodeOff
8005b248:marioBgmodeOn
8005b30c:marioBgmodeChk
8005b31c:marioSetMutekiTime
8005b368:marioKeyOn
8005b39c:marioKeyOff
8005b3c4:marioCtrlOn2
8005b404:marioCtrlOff2
8005b438:marioCtrlOn
8005b46c:marioCtrlOff
8005b494:marioKeyOffChk
8005b4a4:marioCtrlOffChk
8005b4b4:marioFBattlePost
8005b53c:marioFBattlePrepare
// 8005b5a8:unk_JP_US_007_8005b5a8
8005b5d4:marioChkCtrl
8005b5ec:marioChkKey
8005b728:marioCheckMenuDisable
// 8005bb80:unk_JP_US_008_8005bb80
8005bbac:marioCaseEventValidChk
8005bbec:marioItemGetOk
8005bc00:marioItemGetChk
8005bc3c:marioItemGetDisable
8005bc58:marioEntry
8005befc:marioSetSpec
8005bf94:marioSetFamicomMode
8005c894:marioSetCharMode
8005d204:marioGetColor
8005d214:marioGetPtr

// evt_mobj.o
80060924:evt_mobj_koopa_pole
// 80060b98:mobj_koopa_pole_evt
// 80060f78:kpa_clear_jump_data
// 80060fa4:kpa_disp_pole_init
// 80060ff4:kpa_disp_pole_score_main
// 80061100:kpa_disp_pole_score
// 80061178:kpa_score_to_str
// 800612c0:kpa_get_width
// 80061318:kpa_get_level
// 80061364:kpa_get_hata_name
// 800613b0:kpa_get_pole_name
800613fc:evt_mobj_koopa_fireber_dodai
// 800616ec:mobj_koopa_fireber_dodai_evt
80061c28:evt_mobj_koopa_sango
// 80061dc4:mobj_koopa_sango_evt
// 80062154:fire_func
800622c4:evt_mobj_koopa_dokan
// 8006249c:mobj_koopa_dokan_evt
8006269c:evt_mobj_koopa_blk
// 80062800:mobj_koopa_blk
8006293c:evt_mobj_koopa_hidden_blk
80062ae0:evt_mobj_koopa_badgeblk
// 80062c6c:mobj_koopa_badgeblk
80062f70:evt_mobj_koopa_brick
// 80063138:mobj_koopa_brickblk
80063498:evt_mobj_koopa_stone_blk
// 800635f4:mobj_koopa_stone_blk_evt
800635fc:evt_mobj_koopa_ojama_blk
// 80063780:mobj_koopa_ojama_blk_evt
// 800639d0:kpa_powerup
80063a58:evt_mobj_kururing_floor
// 80063c3c:mobj_kururing_floor
// 800643e4:kururing_capture
80064740:evt_mobj_breaking_floor
// 80064904:mobj_breaking_floor
80064a88:evt_mobj_brick
// 80064dd4:mobj_10countblk
// 80065038:mobj_brickblk
80065334:evt_mobj_powerupblk
// 800654b4:mobj_powerupblk
80065738:evt_mobj_badgeblk
// 800658ec:mobj_badgeblk
80065bf0:evt_mobj_save_blk
// 80065d74:mobj_save_blk
80065f00:evt_mobj_recovery_blk
// 800660a4:mobj_recovery_blk
80066694:evt_mobj_signboard
// 800667c8:mobj_signboard
80066868:evt_mobj_itembox
// 80066be8:mobj_itembox
800670c8:evt_mobj_lock
// 80067270:mobj_lock
800676d4:evt_mobj_lock_unlock
8006776c:evt_mobj_switch_float_blk
// 800679d8:mobj_switch_float_blk
80068040:evt_mobj_float_blk
// 800682e4:mobj_float_blk
80068458:evt_mobj_lv_blk
// 80068604:mobj_lv_blk_evt
80068a94:evt_mobj_jumpstand_blue
// 80068c18:mobj_jumpstand_blue
80068e40:evt_mobj_jumpstand_red
// 80068fb8:mobj_jumpstand_red
80069224:evt_mobj_rideswitch_lightblue
// 800693a8:mobj_rideswitch_lightblue
80069648:evt_mobj_timerswitch
// 80069890:mobj_timerswitch
80069bc0:evt_mobj_floatswitch_red
80069d24:evt_mobj_switch_red
// 80069eb0:mobj_switch_red
80069fe0:evt_mobj_tornadoswitch_blue
8006a144:evt_mobj_floatswitch_blue
8006a2a8:evt_mobj_switch_blue
// 8006a450:mobj_switch_blue
8006a580:evt_mobj_hit_onoff
8006a640:evt_mobj_hitevt_onoff
8006a6e4:evt_mobj_set_camid
8006a768:evt_mobj_wait_animation_end
8006a7e8:evt_mobj_set_anim
8006a87c:evt_mobj_set_gravity_bound
8006a928:evt_mobj_exec_cancel
8006a99c:evt_mobj_set_z_position
8006aa58:evt_mobj_set_y_position
8006ab14:evt_mobj_set_x_position
8006abd0:evt_mobj_set_position
8006acdc:evt_mobj_get_z_position
8006ad5c:evt_mobj_get_y_position
8006addc:evt_mobj_get_x_position
8006ae5c:evt_mobj_get_position
8006aefc:evt_mobj_set_scale
8006aff8:evt_mobj_get_kindname
8006b050:evt_mobj_flag_onoff
8006b0d4:evt_mobj_check
8006b128:evt_mobj_delete
8006b158:evt_mobj_entry

// mariost.o
// unused:gcResetDone
// unused:gcResetCheck
8006dcb8:gcRumbleCheck
// unused:gcDvdCheckCancel
// unused:gcDvdCheckInit
8006dfc0:gcDvdCheckThread
8006e194:viPostCallback
8006e54c:marioStGetSystemLevel
8006e558:marioStSystemLevel
8006e66c:marioStDisp
8006e694:marioStMain
8006e8cc:marioStInit

// fontmgr.o
// unused:JUTFont_Draw
// unused:JUTFont_DrawPos
800734c4:_JUTFont_DrawPos
8007398c:JUTFont_DrawStart
// unused:JUTFont_GetWidth
// unused:JUTFont_GetWidthEntry
80073bf8:JUTFont_CodeToGlyph
80073d6c:JUTFont_Free
80073da4:JUTFontSetup
// unused:JUTFont_SetWidth
80074034:HSV2RGB
80074260:FontGetMessageWidth
80074284:FontGetMessageWidthLine
800745a8:kanjiGetWidth
80074620:kanjiSearch
80074640:hankakuSearch
80074664:FontDrawMessageMtx
80074d0c:FontDrawMessage
80075424:FontDrawStringShake
80075758:FontDrawStringCenterMtx
// unused:FontDrawStringCenter
80075a28:FontDrawStringMtx
80075d84:FontDrawStringVecPitch
8007608c:FontDrawStringPitch
// unused:FontDrawStringVec
800763f4:FontDrawString
800766f4:FontDrawCodeMtx
80076850:FontDrawCode
800769f8:FontDrawScaleVec
80076a14:FontDrawScale
80076a28:FontGetDrawColor
80076a30:FontDrawColor_
80076a9c:FontDrawColor
80076b00:FontDrawColorIDX
80076b70:FontDrawNoiseOff
80076b9c:FontDrawNoise
80076ca0:FontDrawRainbowColorOff
80076cc4:FontDrawRainbowColor
80076d64:FontDrawEdgeOff
80076d70:FontDrawEdge
80076d7c:FontDrawStart_alpha
80076e08:FontDrawStart
80076e98:fontmgrTexSetup
8007711c:fontmgrInit

// database.o
80083f9c:setupDataBase
80084604:setupDataCheck
800846c0:setupDataLoad

// seq_logo.o
// 80084a6c:progDisp
// unused:arcLoad
// unused:arcPreLoad
// 80084f84:dummy_draw
// 8008503c:logoDisp
80085998:seq_logoMain
80085f50:seq_logoExit
80085f94:seq_logoInit

// evt_shop.o
800e9ee8:evtShopIsActive
// 800e9f38:evt_shop_main_func
// 800ea3a4:unkeep_pouchcheck_func
// 800ea3e4:keep_pouchcheck_func
// 800ea424:item_data_db_restore
// 800ea468:item_data_db_arrange
// 800ea4c0:sell_pouchcheck_func
// 800ea4f8:name_price
// 800ea584:get_fook_evt
// 800ea5bc:get_ptr
// 800ea5ec:set_buy_item_id
// 800ea620:get_buy_evt
// 800ea658:get_msg
// 800ea6cc:get_value
// 800ea78c:disp_off
// 800ea7c4:shopper_name
// 800ea7fc:shop_point_item
// 800ea8e0:exchange_shop_point
// 800ea95c:chk_shop_point
// 800eaaf8:reset_shop_point
// 800eab28:add_shop_point
// 800eac7c:get_shop_point
// 800eacc8:shop_flag_onoff
// 800ead40:point_wait
// 800ead90:point_disp_onoff
800eadf4:evt_shop_setup
// 800eb0fc:disp_list
// 800eb1c0:list_disp
// 800eb598:title_disp
// 800eb638:point_disp
// 800eb824:help_disp
// 800eb8a4:help_main
// 800eb8c4:name_disp

// envdrv.o
80193418:envSetYami
801937f8:envSetYamiView
80193838:envSetWater
80193f10:envAddTev
// 80195554:envTevLoadTexMtxImm
// 80195cf8:envDisp_FF
801962b8:envGlareFilterZ
801962ec:envGlareFilter
// 801963d8:envGlare
801969f8:envBlurOff
80196a50:envBlurOn
// 80196b40:envDisp_Blur
// 80197014:envDisp_DepthOfField
80197d64:envMain
// 80197df0:envDisp2
// 80197ed8:envDisp
// 80197f34:envCapture2
// 80198050:envCapture
80198218:envTexSetup
801982ec:envReInit
80198330:envInit
// 80198384:_callback

// printf.o
80264108:sprintf
// unused:snprintf
802641e8:vsprintf
// unused:vsnprintf
// unused:vfprintf
80264260:vprintf
// unused:fprintf
802642f8:printf
802643e0:__StringWrite
8026444c:__FileWrite
// 802644a4:__pformatter
// 80264c18:float2str
// 80265334:round_decimal
// 80265460:double2hex
// 80265798:longlong2str
// 80265aac:long2str
// 80265d04:parse_format

// scanf.c
80266394:sscanf
// 80266458:__StringRead
// 802664e8:__sformatter
// 80266e94:parse_format

// string.c
802673dc:strchr
8026740c:strncmp
8026744c:strcmp
80267574:strcat
802675a0:strncpy
802675e4:strcpy
8026769c:strlen

// os.a
// OSAlloc.c
// text
// 802903e8:DLInsert
80290494:OSAllocFromHeap
80290590:OSFreeToHeap
8029060c:OSSetCurrentHeap
8029061c:OSInitAlloc
8029068c:OSCreateHeap
802906f8:OSDestroyHeap
// data
80418ea0:OSAlloc_HeapArray
80418ea4:OSAlloc_NumHeaps

// demo.a
// DEMOPuts.c
8029f53c:DEMOInitCaption
8029f798:DEMOPuts
8029faa8:DEMOPrintf
// DEMOStats.c
8029fb6c:DEMOWriteStats
8029ff00:DEMOUpdateStats
8029ff58:DEMOPrintStats

// si.a
802b7acc:SIBusy
802b7aec:SIIsChanBusy
802b7b28:CompleteTransfer
802b7e24:SIInterruptHandler
802b8168:SIEnablePollingInterrupt
802b8200:SIRegisterPollingHandler
802b82cc:SIUnregisterPollingHandler
802b83c0:SIInit
802b8474:__SITransfer
802b8680:SIGetStatus
802b86fc:SISetCommand
802b8710:SITransferCommands
802b8720:SISetXY
802b878c:SIEnablePolling
802b8828:SIDisablePolling
802b8894:SIGetResponseRaw
802b8968:SIGetResponse
802b8a2c:AlarmHandler
802b8ab8:SITransfer
802b8c24:GetTypeCallback
802b8ebc:SIGetType
802b9080:SIGetTypeAsync
802b91bc:SIDecodeType
802b9308:SIProbe
802b932c:SISetSamplingRate
802b9410:SIRefreshSamplingRate