// __mem.c
800050b4:memset
//800050e4:__fill_mem
8000519c:memcpy

// system.o
// unused:memcmp_as4
// unused:memset_as4
80005634:memcpy_as4
// unused:LZ77Decode
// unused:mtxGetScaleElement
80005654:mtxGetRotationElement
// unused:mtx_set_col_vec
// unused:mtx_set_row_vec
// unused:mtx_col_vec
// unused:mtx_row_vec
8000598c:sysOSReport
// unused:sysFrame2MsecFloat
// unused:sysFrame2Msec
80005a54:sysMsec2FrameFloat
80005a94:sysMsec2Frame
80005abc:sysFrame2SecFloat
// unused:sysFrame2Sec
// unused:sysSec2FrameFloat
// unused:sysSec2Frame
80005ac8:getV60FPS
80005ba0:sysDummyDraw
80005dac:sysWaitDrawSync
80005e58:sysGetToken
80005e68:irand
// unused:movePos3
// unused:movePos2
80005eac:movePos
80005f54:sincosf
80005fcc:padGetRumbleStatus
80005fdc:padRumbleHardOff
80005ff0:padRumbleOff
80006004:padRumbleOn
// unused:keyGetTriggerR
// unused:keyGetTriggerL
80006018:keyGetSubStickY
// unused:keyGetSubStickX
80006028:keyGetStickY
80006038:keyGetStickX
80006048:keyGetButtonTrg
8000605c:keyGetDirTrg
80006070:keyGetButtonRep
80006084:keyGetDirRep
80006098:keyGetButton
800060ac:keyGetDir
800060c0:makeKey
800065c4:qqsort
// 80006748:fsort
// unused:intplStringToEnum
80006d54:intplGetValue
80007104:angleABf
800072b8:compAngle
800072f4:distABf
800073f0:reviseAngle
// unused:roundi
80007450:__assert2
8000752c:__assert
80007308:getMarioStDvdRoot

// dispdrv.o
// unused:dispGetEntNum
80010a28:dispGetCurWork
80010a30:dispCalcZ
80010ac4:dispDraw
80010d20:dispSort
// 80010b90:_sort
80010d88:dispEntry
80010e28:dispReInit
80010e34:dispInit

// seqdrv.o
8002e2cc:seqCheckSeq
8002e2e8:seqGetNextSeq
8002e2f0:seqGetPrevSeq
8002e2f8:seqGetSeq
8002e300:seqSetSeq
8002e310:seqMain
8002e3ec:seqInit_MARIOSTORY

// memory.o
// unused:smartGetWorkPtr
8002f424:smartTexObj
8002f460:smartGarbage
8002f628:smartAlloc
8002f960:smartFree
8002fab4:smartAutoFree
8002fb58:smartReInit
8002fcc8:smartInit
// unused:_mapAllocDump
8002feac:_mapFree
8002ff48:_mapAllocTail
80030040:_mapAlloc
// 80030130:unk_US_PAL_01_80030130
// 80030160:unk_US_PAL_02_80030160
800301ac:__memFree
800301d8:__memAlloc
8003023c:memClear
80030300:memInit

// evtmgr.o
80035b10:evtGetPtrID
80035b70:evtGetPtr
80035bac:evtStartOther
80035c34:evtStopOther
80035cbc:evtStartAll
80035d50:evtStopAll
80035de4:evtStartID
80035e84:evtStopID
80035f24:evtStart
800362f8:evtStop
800366cc:evtSetType
800366d4:evtSetSpeed
800366e4:evtSetPri
800366ec:evtCheckID
8003674c:evtDeleteID
800367e8:evtDelete
800369b8:evtmgrMain
80036ba4:evtRestart
80036cec:evtBrotherEntry
80036fd4:evtChildEntry
80037308:evtEntryType
80037594:evtEntry
// 80037820:evtEntryRunCheck
80037898:evtmgrReInit
80037904:evtmgrInit
// 80037a1c:make_pri_table
80037b48:evtGetWork

// evt_map.o
80037d74:evt_mapdisp_onoff
80037db4:evt_map_replace_mapobj
80037e8c:evt_map_entry_airport_harbor
80038028:check2
800380b4:check
80038140:evt_map_get_flush_color
800381d4:evt_map_set_flush_color
8003829c:evt_map_set_flush_onoff
80038338:evt_map_set_tevcallback
80038398:evt_mapobj_get_position
80038464:evt_mapobj_clear_offscreen
800384c8:evt_mapobj_set_offscreen
80038550:evt_mapobj_flag_onoff
800385f8:evt_map_set_playrate
80038650:evt_map_replayanim
800386b4:evt_map_pauseanim
80038718:evt_map_checkanim
80038790:evt_map_playanim
8003880c:evt_mapobj_color
800388fc:evt_map_blend_set_mobj_flag
80038998:evt_map_blend_set_flag
80038b70:evt_map_blend_off
80038bb0:evt_map_set_blend
80038c84:evt_map_fog_onoff
80038cc4:evt_map_get_fog
80038d70:evt_map_set_fog
80038e50:evt_mapobj_scale
80038f20:evt_mapobj_rotate
80038ff0:evt_mapobj_trans

// mapdata.o
800390c0:relSetBtlAddr
80039170:relSetEvtAddr
800392c8:areaDataPtr
80039360:mapDataPtr

// npcdrv.o
80043020:fbatPreventMarioEventChk
80043054:npcCheckBlow
80043194:npcCalcScore
8004329c:fbatSandersBombTriggerOn
800432b0:npcKoopaModeMobjBoundDeadCheck
80043378:npcKoopaModeEncountCheck
800434f4:npcClearDeadInfo
80043528:npcGetBackItemEntry
// 800435c4:_majinai_effect
// 8004367c:_check
800436ec:npcExecAllReglEvt
800437ac:npcWaitAllInitEvtEnd
80043880:npcExecAllInitEvt
8004394c:dbGetDefData
800439bc:npcSetLink
800439c8:npcSetSlave
800439dc:npcSetBtlSetupWork
800439ec:npcGetBtlSetupWork
800439fc:npcBlurOff
80043aa0:npcBlurOn
80043bbc:npcSetColor
80043c48:npcStartForOneEvent
80043cb0:npcStartForEvent
80043d60:npcStopForOneEvent
80043dc0:npcStopForEvent
80043e68:npcSetBattleInfo
80043f60:npcSetupBattleInfo
800441e0:npcCheckInterrupt
// 80044414:_npcHitCheckHammerAllMotion
// 8004479c:_npcHitCheckSphere
80044914:fbatHitCheck
800466ec:fbatHitCheckAll
80046714:fbatNpcTalkCheck
80046774:npcGroupDead
// 800467b8:_npcGroupDead
// 80046b14:_npcDead
80046b60:fbatBattleMode
800471c4:fbatTalkMode
80047364:fbatEncountCheck
// 80047ee4:_fbatFirstAttackAnnouceDisp
80048268:fbatSetAttackAnnounceEnable
8004827c:fbatSetAttackAnnounce
80048374:fbatChangeMode
80048384:fbatGetPointer
80048390:npcNearDistCheck
80048500:npcHitCheckSide
80048e18:npcTransRytoFaceDir
80048e54:npcTuningRy
// 80048e84:npcMoveG
// 800491b4:npcCheckHitMarioSide
8004972c:npcSetStayPose
80049884:npcSetTalkPose
800499dc:npcSetMarioAutoTalkPose
80049a1c:npcNameToPtr_NoAssert
80049ac8:npcNameToPtr
80049b64:npcMain
8004b508:npcDeleteGroup
// 8004b54c:_npcDeleteGroup
8004b7f0:npcDelete
8004b910:npcGetTribe
8004b97c:npcEntry
8004bbcc:npcGetReactionOfLivingBody
8004bbe4:npcReset
8004bc58:npcInit
// 8004bd24:npcDisp_blur
// 8004c010:npcDisp_offscreen
// 8004c31c:npcDisp_offscreen_xlu
// 8004c5f4:npcDisp
// 8004c8c8:npcDisp_xlu
// 8004cb68:mtx_setup
8004ce20:npcRecoveryFiledNpc
8004cf40:npcReleaseFiledNpc
8004d054:npcGetWorkPtr

// evt_npc.o
8004d070:evt_npc_release_filednpc
8004d0d0:evt_npc_sound_data_set
8004d1dc:evt_npc_sound_data_reset
// 8004d268:unk_US_PAL_01_8004d268
8004d4b4:evt_fbat_trans_floor_position
8004d5fc:evt_npc_kamek_kemuri2
8004d6fc:evt_npc_kamek_kemuri1
8004d790:evt_npc_kamek_move_position
// 8004deb0:_kamek_houki_kemuri
8004dfb4:evt_npc_calc_score
8004e000:evt_npc_get_kpencount_type
8004e05c:evt_npc_majo_disp_off
8004e294:evt_npc_majo_disp_on
8004e5d4:evt_npc_set_autotalkpose
8004e68c:evt_npc_set_tribe
8004e790:evt_npc_set_balloontype
8004e7ec:evt_npc_wait_msec
8004e8c0:evt_npc_set_unitwork
8004e934:evt_npc_get_unitwork
8004e9a4:evt_npc_getback_item_entry
8004e9f0:evt_npc_get_drop_coin
// 8004ea80:_npc_check_coin_group
// 8004eaf8:_npc_check_coin
8004eb0c:evt_npc_get_drop_flower
8004ebcc:evt_npc_get_drop_heart
8004ec8c:evt_npc_get_drop_item
8004ed00:evt_npc_get_drop_fixitem
8004ed58:evt_npc_set_link
8004edd8:evt_npc_set_btlsetup_work
8004ee54:evt_npc_get_btlsetup_work
8004eecc:evt_npc_get_battle_rule_keep_result
8004ef18:evt_npc_check_escape_battle
8004ef54:evt_npc_get_battle_result
8004efa4:evt_npc_wait_battle_end
8004f020:evt_npc_battle_start
8004f0d8:evt_npc_set_battle_rule
8004f15c:evt_npc_set_battle_info
8004f1c0:evt_npc_set_attack_mode
8004f21c:evt_npc_check
8004f284:evt_npc_blur_onoff
8004f2f4:evt_npc_set_color
8004f3a8:evt_npc_set_offscreen
8004f428:evt_npc_change_fbat_mode
8004f45c:evt_npc_start_for_one_event
8004f4a8:evt_npc_stop_for_one_event
8004f4f4:evt_npc_start_for_event
8004f518:evt_npc_stop_for_event
8004f53c:evtNpcNameToPtr_NoAssert
8004f6a4:evtNpcNameToPtr
8004f80c:evt_npc_facedirection_add
8004f908:evt_npc_restart_regular_event
8004f960:evt_npc_get_reglid
8004f9b8:evt_npc_change_interrupt
8004fa68:evt_npc_get_loiter_dir
8004fb54:evt_npc_add_dirdist
8004fc64:evt_set_dir_to_home
8004fcd4:evt_set_dir_to_target
8004fd4c:evt_get_target_dir
// 8004fdc8:_get_target_dir
8004fe8c:evt_npc_set_camid
8004fee8:evt_npc_pera_onoff
8004ff6c:evt_npc_status_check
8004ffd8:evt_npc_status_onoff
80050074:evt_npc_reaction_flag_onoff
80050110:evt_npc_flag_check
8005017c:evt_npc_flag_onoff
80050218:evt_npc_wait_anim
80050294:evt_npc_wait_pera
800502f0:evt_npc_set_force_regl_anim
8005036c:evt_npc_clear_paper
800503c4:evt_npc_set_paper_anim
80050430:evt_npc_set_paper
800504a8:evt_npc_set_run_anim
80050524:evt_npc_set_walk_anim
800505a0:evt_npc_set_talk_anim
8005061c:evt_npc_set_stay_anim
80050698:evt_npc_set_stop_anim
80050714:evt_npc_set_confuse_anim
80050790:evt_npc_set_damage_anim
8005080c:evt_npc_set_anim
80050894:evt_npc_get_dir
800508f8:evt_npc_reverse_ry
80050958:evt_npc_set_ry_lr
80050a54:evt_npc_set_ry
80050ab8:_intplGetFloat
80050c98:evt_npc_homing_target
80051334:evt_npc_return_interrupt
80051388:evt_npc_glide_position
80051934:evt_npc_jump_position_nohit
80051c98:evt_npc_jump_position
80052320:evt_npc_move_position
800529b0:evt_npc_set_rotate_offset
80052afc:evt_npc_add_rotate
80052c28:evt_npc_set_rotate
80052d74:evt_npc_get_rotate
80052df8:evt_npc_set_home_position
80052ee0:evt_npc_get_home_position
80052f64:evt_npc_get_position
80052fe8:evt_npc_get_scale
8005306c:evt_npc_set_scale
80053100:evt_npc_get_height
8005315c:evt_npc_set_height
800531c0:evt_npc_set_width
80053224:evt_npc_set_position
80053308:evt_npc_setup
80053590:evt_npc_get_ReactionOfLivingBody
800535e4:evt_npc_check_delete
80053638:evt_npc_delete
80053684:evt_npc_slave_entry
800537b0:evt_npc_entry


// mario.o
800562b8:toFrontPose
800567e8:toRearPose
80056d18:marioDisp
80057244:marioDispBlur
800573c8:marioDispBlurSub
800579b0:marioPreDisp
80057e34:marioRearAnime
800584e0:marioMakeDispDir
80058a40:marioGetScale
80058a60:marioChkInScreen
80058a98:marioGetScreenPos
80058b1c:marioPaperLightOff
// unused:marioPaperLightOn
80058b48:marioPaperOff
80058bc8:marioPaperOn
80058ce0:marioSetPaperAnimeLocalTime
80058da0:marioChgPaper
80058e28:marioChgPoseTime
80058ebc:marioChgPose
800590d4:toDotMarioPose
8005925c:marioChgEvtPose
// 800592ec:unk_JP_US_006_800592ec
80059534:marioAnimeId
80059564:marioChkPushAnime
800595e0:marioMoveMain
80059bb0:marioMove
8005a76c:marioCtrlOff2Main
8005a918:marioMain
8005b310:marioReInit
8005b700:marioInit
8005bb88:marioPoseInit
8005bc20:marioSoundInit
8005bc40:marioOfsRotReset
8005bcb0:marioReset
8005bed8:marioResetHitObj
8005c074:marioChkSts
8005c114:marioBgmodeOff
8005c1d8:marioBgmodeOn
8005c29c:marioBgmodeChk
8005c2ac:marioSetMutekiTime
8005c2f8:marioKeyOn
8005c32c:marioKeyOff
8005c354:marioCtrlOn2
8005c394:marioCtrlOff2
8005c3c8:marioCtrlOn
8005c3fc:marioCtrlOff
8005c424:marioKeyOffChk
8005c434:marioCtrlOffChk
8005c444:marioFBattlePost
8005c504:marioFBattlePrepare
// 8005c570:unk_JP_US_007_8005c570
8005c59c:marioChkCtrl
8005c5b4:marioChkKey
8005c6f0:marioCheckMenuDisable
// 8005cb64:unk_JP_US_008_8005cb64
8005cb90:marioCaseEventValidChk
8005cbd0:marioItemGetOk
8005cbe4:marioItemGetChk
8005cc20:marioItemGetDisable
8005cc3c:marioEntry
8005cee0:marioSetSpec
8005cf78:marioSetFamicomMode
8005d878:marioSetCharMode
8005e1e8:marioGetColor
8005e1f8:marioGetPtr

// evt_mobj.o
80061930:evt_mobj_koopa_pole
// 80061ba4:mobj_koopa_pole_evt
// 80061f84:kpa_clear_jump_data
// 80061fb0:kpa_disp_pole_init
// 80062004:kpa_disp_pole_score_main
// 80062110:kpa_disp_pole_score
// 80062188:kpa_score_to_str
// 800622d0:kpa_get_width
// 80062328:kpa_get_level
// 80062374:kpa_get_hata_name
// 800623c0:kpa_get_pole_name
8006240c:evt_mobj_koopa_fireber_dodai
// 80062710:mobj_koopa_fireber_dodai_evt
80062c4c:evt_mobj_koopa_sango
// 80062de8:mobj_koopa_sango_evt
// 80063178:fire_func
800632e8:evt_mobj_koopa_dokan
// 800634c0:mobj_koopa_dokan_evt
800636c0:evt_mobj_koopa_blk
// 80063824:mobj_koopa_blk
80063960:evt_mobj_koopa_hidden_blk
80063b04:evt_mobj_koopa_badgeblk
// 80063c90:mobj_koopa_badgeblk
80063f94:evt_mobj_koopa_brick
// 8006415c:mobj_koopa_brickblk
800644bc:evt_mobj_koopa_stone_blk
// 80064618:mobj_koopa_stone_blk_evt
80064620:evt_mobj_koopa_ojama_blk
// 800647a4:mobj_koopa_ojama_blk_evt
// 800649f4:kpa_powerup
80064a7c:evt_mobj_breaking_rock
// 80064be8:mobj_breaking_rock
80064ed0:evt_mobj_trap_floor
// 800650a8:mobj_trap_floor
800651dc:evt_mobj_kururing_floor
// 800653c0:mobj_kururing_floor
// 80065b80:kururing_capture
80065edc:evt_mobj_breaking_floor
// 800660a0:mobj_breaking_floor
80066224:evt_mobj_brick
// 80066570:mobj_10countblk
// 800667d4:mobj_brickblk
80066ad0:evt_mobj_powerupblk
// 80066c50:mobj_powerupblk
80066ed4:evt_mobj_badgeblk
// 80067088:mobj_badgeblk
8006738c:evt_mobj_blk
// 8006752c:mobj_blk
8006766c:evt_mobj_save_blk
// 800677f0:mobj_save_blk
8006797c:evt_mobj_recovery_blk
// 80067b20:mobj_recovery_blk
80068110:evt_mobj_arrow
// 80068238:mobj_arrow
80068240:evt_mobj_signboard
// 80068374:mobj_signboard
80068414:evt_mobj_itembox
// 80068794:mobj_itembox
80068c74:evt_mobj_lock
// 80068e1c:mobj_lock
8006927c:evt_mobj_lock_unlock
80069314:evt_mobj_switch_float_blk
// 80069580:mobj_switch_float_blk
80069be8:evt_mobj_float_blk
// 80069e8c:mobj_float_blk
8006a000:evt_mobj_lv_blk
// 8006a1ac:mobj_lv_blk_evt
8006a63c:evt_mobj_jumpstand_blue
// 8006a7c0:mobj_jumpstand_blue
8006a9e8:evt_mobj_jumpstand_red
// 8006ab60:mobj_jumpstand_red
8006adcc:evt_mobj_rideswitch_lightblue
// 8006af50:mobj_rideswitch_lightblue
8006b1f0:evt_mobj_rideswitch_green
// 8006b378:mobj_rideswitch_green
8006b60c:evt_mobj_rideswitch_orange
// 8006b794:mobj_rideswitch_orange
8006b8a0:evt_mobj_timerswitch
// 8006bae8:mobj_timerswitch
8006be18:evt_mobj_tornadoswitch_red
8006bf7c:evt_mobj_floatswitch_red
8006c0e0:evt_mobj_switch_red
// 8006c26c:mobj_switch_red
8006c39c:evt_mobj_tornadoswitch_blue
8006c500:evt_mobj_floatswitch_blue
8006c664:evt_mobj_switch_blue
// 8006c80c:mobj_switch_blue
8006c93c:evt_mobj_hit_onoff
8006c9fc:evt_mobj_hitevt_onoff
8006caa0:evt_mobj_set_camid
8006cb24:evt_mobj_wait_animation_end
8006cba4:evt_mobj_set_anim
8006cc38:evt_mobj_set_gravity_bound
8006cce4:evt_mobj_exec_cancel
8006cd58:evt_mobj_set_z_position
8006ce14:evt_mobj_set_y_position
8006ced0:evt_mobj_set_x_position
8006cf8c:evt_mobj_set_position
8006d098:evt_mobj_get_z_position
8006d118:evt_mobj_get_y_position
8006d198:evt_mobj_get_x_position
8006d218:evt_mobj_get_position
8006d2b8:evt_mobj_set_scale
8006d3b4:evt_mobj_get_kindname
8006d40c:evt_mobj_flag_onoff
8006d490:evt_mobj_check
8006d4e4:evt_mobj_delete
8006d514:evt_mobj_entry

// mariost.o
// unused:gcResetDone
// unused:gcResetCheck
800700b4:gcRumbleCheck
// unused:gcDvdCheckCancel
// unused:gcDvdCheckInit
800703bc:gcDvdCheckThread
800705e0:viPostCallback
80070998:marioStGetSystemLevel
800709a4:marioStSystemLevel
80070ab8:marioStDisp
80070ae0:marioStMain
80070d18:marioStInit

// fontmgr.o
// unused:JUTFont_Draw
// unused:JUTFont_DrawPos
800759dc:_JUTFont_DrawPos
80075eb8:JUTFont_DrawStart
// unused:JUTFont_GetWidth
// unused:JUTFont_GetWidthEntry
8007614c:JUTFont_CodeToGlyph
// unused:JUTFont_Free
800762c0:JUTFontSetup
// unused:JUTFont_SetWidth
800765b8:HSV2RGB
800767e4:FontGetMessageWidth
80076808:FontGetMessageWidthLine
80076b28:kanjiGetWidth
80076ba0:kanjiSearch
80076bc0:hankakuSearch
80076be4:FontDrawMessageMtx
80077288:FontDrawMessage
8007799c:FontDrawStringShake
80077ccc:FontDrawStringCenterMtx
// unused:FontDrawStringCenter
80077f98:FontDrawStringMtx
800782f0:FontDrawStringVecPitch
80078624:FontDrawStringPitch
// unused:FontDrawStringVec
8007868c:FontDrawString
800786f4:FontDrawCodeMtx
80078850:FontDrawCode
800789f8:FontDrawScaleVec
80078a14:FontDrawScale
80078a28:FontGetDrawColor
80078a30:FontDrawColor_
80078a9c:FontDrawColor
80078b00:FontDrawColorIDX
80078b70:FontDrawNoiseOff
80078b9c:FontDrawNoise
80078ca0:FontDrawRainbowColorOff
80078cc4:FontDrawRainbowColor
80078d64:FontDrawEdgeOff
80078d70:FontDrawEdge
80078d7c:FontDrawStart_alpha
80078e08:FontDrawStart
80078e98:fontmgrTexSetup
80078ec4:fontmgrInit

// evt_bero.o
// text
// 80079d30:evt_camera_change_event_from_road
// 80079ed8:evt_bero_1stcheck
80079f4c:evt_bero_mario_go_wait
80079f68:evt_bero_mario_go
80079f78:evt_bero_mario_go_init
// 80079f88:evt_bero_cam_shift_init
// 80079fb0:evt_bero_cam3d_change
8007a0c4:evt_bero_overwrite
// 8007a1a4:evt_bero_move_mario_speed
// 8007a454:evt_bero_disppos_load
// 8007a4a8:evt_bero_disppos_save
8007a4ec:evt_bero_case_id_load
8007a548:evt_bero_case_id_save
8007a5a8:evt_bero_get_number
8007a668:evt_bero_switch_off
8007a76c:evt_bero_switch_on
// 8007a870:bero_set_disp_position_pipe
// 8007a940:bero_get_position_pipe2
// 8007aa8c:bero_get_position_pipe_pure
// 8007ab74:bero_get_position_pipe_sub
8007ae30:bero_get_position_normal
8007b140:evt_bero_get_info_num
8007b344:evt_bero_id_filter
// 8007b410:evt_bero_read_mario_pera
8007b4d0:evt_bero_get_into_info
8007b7c8:evt_bero_get_info
8007b8c8:evt_bero_get_now_number
8007b8f8:evt_bero_set_now_number
8007b928:evt_bero_get_info_nextarea
8007b9a0:evt_bero_get_info_kinddir
8007ba28:evt_bero_get_info_length
8007bb1c:evt_bero_get_info_anime
8007bbb4:evt_bero_get_end_position
8007bc18:evt_bero_get_start_position
8007bc7c:evt_bero_exec_wait
8007bcc0:evt_bero_exec_get
8007bcf0:evt_bero_exec_onoff
8007bd58:evt_bero_get_entername
8007bd8c:evt_bero_mapchange
8007be00:bero_id_filter
8007bea4:bero_clear_Offset
8007beb8:bero_get_ptr
8007bec4:bero_get_BeroEZ
8007becc:bero_get_BeroEY
8007bed4:bero_get_BeroEX
8007bedc:bero_get_BeroSZ
8007bee4:bero_get_BeroSY
8007beec:bero_get_BeroSX
8007bef4:bero_get_BeroNUM
8007befc:bero_get_BeroEXEC
// 8007bf04:N_evt_bero_set_mario_bottomless_respawn_pos_to_current_mario_pos
// 8007bf38:N_evt_bero_set_mario_bottomless_respawn_pos_on_bero_entry
// data
// 80318b14:evt_bero_nonride_check
80318ba8:bero_open_door_play_se
80318e98:bero_close_door_play_se
80319188:bero_play_enter_anime
803193d4:bero_play_out_anime
// 803195e8:bero_case_init_check
// 80319774:bero_case_exec_none
// 80319828:bero_case_exec_road
// 80319954:bero_case_exec_door
// 80319ae8:bero_case_exec_pipe_sub
// 8031a01c:bero_case_exec_pipe
// 8031a2e4:bero_case_exec_gate
8031a398:bero_case_entry
// 8031a528:bero_case_entry_sub
8031a644:bero_case_switch_on
8031a690:bero_case_switch_off
// 8031a70c:evt_bero_info_run_road
// 8031a7b0:evt_bero_info_run_door
// 8031a86c:evt_bero_info_run_pipe_sub00
// 8031a938:evt_bero_info_run_pipe
8031aa0c:evt_bero_info_run
// 8031adf0:evt_bero_initial_pos
// 8031b068:evt_bero_mario_enter
// sdata
// 804228c8:evt_bero_info_run_none
// 804228dc:evt_bero_info_run_gate

// database.o
80086278:setupDataBase
800868e0:setupDataCheck
8008699c:setupDataLoad

// seq_logo.o
// 80086d4c:progDisp
// unused:arcLoad
// unused:arcPreLoad
// 8008726c:dummy_draw
// 80087324:logoDisp
80088118:seq_logoMain
80088818:seq_logoExit
8008885c:seq_logoInit

// evt_shop.o
800ef564:evtShopIsActive
// 800ef5b4:evt_shop_main_func
// 800efa20:unkeep_pouchcheck_func
// 800efa60:keep_pouchcheck_func
// 800efaa0:item_data_db_restore
// 800efae4:item_data_db_arrange
// 800efb3c:sell_pouchcheck_func
// 800efb74:name_price
// 800efc00:get_fook_evt
// 800efc38:get_ptr
// 800efc68:set_buy_item_id
// 800efc9c:get_buy_evt
// 800efcd4:get_msg
// 800efd48:get_value
// 800efe08:disp_off
// 800efe40:shopper_name
// 800efe78:shop_point_item
// 800eff5c:exchange_shop_point
// 800effd8:chk_shop_point
// 800f0174:reset_shop_point
// 800f01a4:add_shop_point
// 800f02f8:get_shop_point
// 800f0344:shop_flag_onoff
// 800f03bc:point_wait
// 800f040c:point_disp_onoff
800f0470:evt_shop_setup
// 800f077c:disp_list
// 800f0840:list_disp
// 800f0fa0:title_disp
// 800f1180:point_disp
// 800f134c:help_disp
// 800f13cc:help_main
// 800f13ec:name_disp

// envdrv.o
8019ae54:envSetYami
8019b234:envSetYamiView
8019b274:envSetWater
8019b94c:envAddTev
// 8019cf90:envTevLoadTexMtxImm
// 8019d734:envDisp_FF
8019dcf4:envGlareFilterZ
8019dd28:envGlareFilter
// 8019de14:envGlare
8019e434:envBlurOff
8019e490:envBlurOn
// 8019e588:envDisp_Blur
// 8019ea5c:envDisp_DepthOfField
8019f7ac:envMain
// 8019f838:envDisp2
// 8019f920:envDisp
// 8019f97c:envCapture2
// 8019fa98:envCapture
8019fc60:envTexSetup
8019fd34:envReInit
8019fd78:envInit
// 8019fdcc:_callback

// MSL_C.PPCEABI.bare.H.a mem.c
8026da5c:memcmp
// 8026daa8:__memrchr
8026dad4:memchr
8026db00:memmove

// MSL_C.PPCEABI.bare.H.a printf.c
8026deac:sprintf
// unused:snprintf
8026df8c:vsprintf
// unused:vsnprintf
// unused:vfprintf
8026e004:vprintf
// unused:fprintf
8026e09c:printf
8026e184:__StringWrite
8026e1f0:__FileWrite
// 8026e248:__pformatter
// 8026e9bc:float2str
// 8026f0d8:round_decimal
// 8026f204:double2hex
// 8026f53c:longlong2str
// 8026f850:long2str
// 8026faa8:parse_format

// MSL_C.PPCEABI.bare.H.a scanf.c
80270138:sscanf
// 802701fc:__StringRead
// 8027028c:__sformatter
// 80270c38:parse_format

// MSL_C.PPCEABI.bare.H.a string.c
80271180:strstr
802711e8:strchr
80271218:strncmp
80271258:strcmp
80271380:strcat
802713ac:strncpy
802713f0:strcpy
802714a8:strlen

// os.a
// OSAlloc.c
// text
// 8029a238:DLInsert
8029a2e4:OSAllocFromHeap
8029a3e0:OSFreeToHeap
8029a45c:OSSetCurrentHeap
8029a46c:OSInitAlloc
8029a4dc:OSCreateHeap
8029a548:OSDestroyHeap
// data
8042b9e0:OSAlloc_HeapArray
8042b9e4:OSAlloc_NumHeaps

// os.a OSCache.c
8029a84c:DCEnable
8029a860:DCInvalidateRange
8029a88c:DCFlushRange
8029a8bc:DCStoreRange
8029a8ec:DCFlushRangeNoSync
8029a918:DCStoreRangeNoSync
8029a944:DCZeroRange
8029a970:ICInvalidateRange
8029a9a4:ICFlashInvalidate
8029a9b4:ICEnable
// 8029a9c8:__LCEnable
8029aa94:LCEnable
8029aacc:LCDisable
8029aaf4:LCStoreBlocks
8029ab18:LCStoreData
8029abc4:LCQueueWait
8029abd8:L2GlobalInvalidate
8029ac70:DMAErrorHandler
8029add0:__OSCacheInit

// os.a OSContext.c
8029aec4:__OSLoadFPUContext
8029afe8:__OSSaveFPUContext
8029b110:OSSaveFPUContext
8029b118:OSSetCurrentContext
8029b174:OSGetCurrentContext
8029b180:OSSaveContext
8029b200:OSLoadContext
8029b2d8:OSGetStackPointer
8029b2e0:OSClearContext
8029b304:OSInitContext
8029b3c0:OSDumpContext
// 8029b668:OSSwitchFPUContext
8029b6ec:__OSContextInit
8029b734:OSFillFPUContext

// os.a OSError.c
8029b860:OSReport
8029b8e0:OSPanic
8029ba0c:OSSetErrorHandler
8029bc24:__OSUnhandledException

// os.a OSTime.c
802a1904:OSGetTime
802a191c:OSGetTick
802a1924:__OSGetSystemTime
// 802a1988:GetDates
802a1b24:OSTicksToCalendarTime

// demo.a
// DEMOPuts.c
802a93bc:DEMOInitCaption
802a9618:DEMOPuts
802a9928:DEMOPrintf
// DEMOStats.c
802a99ec:DEMOWriteStats
802a9d80:DEMOUpdateStats
802a9dd8:DEMOPrintStats

// exi.a EXIBios.c
// 802bf8a0:SetExiInterruptMask
802bf994:EXIImm
802bfbf0:EXIImmEx
802bfc90:EXIDma
802bfd7c:EXISync
802bffc8:EXIClearInterrupts
802c0010:EXISetExiCallback
// 802c008c:__EXIProbe
802c0200:EXIProbe
802c0280:EXIProbeEx
802c0334:EXIAttach
802c0440:EXIDetach
802c04fc:EXISelect
802c0628:EXIDeselect
// 802c0738:EXIIntrruptHandler
// 802c0800:TCIntrruptHandler
// 802c0a18:EXTIntrruptHandler
802c0ae8:EXIInit
802c0cbc:EXILock
802c0db0:EXIUnlock
802c0e8c:EXIGetState
// 802c0ea4:UnlockedHandler
802c0ecc:EXIGetID
802c127c:EXIGetType

// si.a
802c194c:SIBusy
802c196c:SIIsChanBusy
802c19a8:CompleteTransfer
802c1ca4:SIInterruptHandler
802c1fe8:SIEnablePollingInterrupt
802c2080:SIRegisterPollingHandler
802c214c:SIUnregisterPollingHandler
802c2240:SIInit
802c22f4:__SITransfer
802c2500:SIGetStatus
802c257c:SISetCommand
802c2590:SITransferCommands
802c25a0:SISetXY
802c260c:SIEnablePolling
802c26a8:SIDisablePolling
802c2714:SIGetResponseRaw
802c27e8:SIGetResponse
802c28ac:AlarmHandler
802c2938:SITransfer
802c2aa4:GetTypeCallback
802c2d3c:SIGetType
802c2f00:SIGetTypeAsync
802c303c:SIDecodeType
802c3188:SIProbe
802c31ac:SISetSamplingRate
802c3290:SIRefreshSamplingRate